camera.cpp:17:6:void flush_fifo()	0	static
camera.cpp:19:6:void clear_fifo_flag()	0	static
camera.cpp:21:6:void start_capture()	0	static
camera.cpp:23:6:void set_format(uint8_t)	0	static
camera.cpp:25:5:int initCamera()	16	static
camera.cpp:53:6:void OV2640_set_JPEG_size(uint8_t)	0	static
camera.cpp:88:10:uint32_t read_fifo_length()	16	static
camera.cpp:97:10:uint32_t getbufSize()	0	static
camera.cpp:99:9:uint8_t getbufChar(int)	0	static
camera.cpp:101:5:int DecodeandProcessRGB565(int, int, uint16_t*)	80	static
camera.cpp:162:5:int DecodeandProcessAndRGB(int, int, int8_t*, uint16_t*, int)	96	static
camera.cpp:260:5:int DecodeandProcess(int, int, uint8_t*)	72	static
camera.cpp:345:5:int StartCapture()	8	static
camera.cpp:368:9:uint8_t read_fifo_burst()	24	static
camera.cpp:327:5:int PerformCapture()	8	static
camera.cpp:357:5:int ReadCapture()	8	static
