JPEGDecoder.cpp:21:9:static uint8_t JPEGDecoder::pjpeg_callback(uint8_t*, uint8_t, uint8_t*, void*)	12	static
JPEGDecoder.cpp:8:1:JPEGDecoder::JPEGDecoder()	0	static
JPEGDecoder.cpp:15:1:JPEGDecoder::~JPEGDecoder()	8	static
JPEGDecoder.cpp:30:9:uint8_t JPEGDecoder::pjpeg_need_bytes_callback(uint8_t*, uint8_t, uint8_t*, void*)	12	static
JPEGDecoder.cpp:58:5:int JPEGDecoder::decode_mcu()	8	static
JPEGDecoder.cpp:77:5:int JPEGDecoder::read()	120	static
JPEGDecoder.cpp:165:5:int JPEGDecoder::readSwappedBytes()	120	static
JPEGDecoder.cpp:245:5:int JPEGDecoder::decodeFile(const char*)	0	static
JPEGDecoder.cpp:340:5:int JPEGDecoder::decodeArray(const uint8_t*, uint32_t)	24	static
JPEGDecoder.cpp:353:5:int JPEGDecoder::decodeCommon()	24	static
JPEGDecoder.cpp:405:6:void JPEGDecoder::abort()	8	static
JPEGDecoder.cpp:425:1:cpp)	0	static
JPEGDecoder.cpp:425:1:cpp)	0	static
